2012-09-25T23:22:56.010-0400: 1.784: [GC 1.784: [ParNew: 13184K->636K(14784K), 0.0039310 secs] 13184K->636K(63936K), 0.0039900 secs] [Times: user=0.01 sys=0.00, real=0.00 secs] 
2012-09-25T23:22:56.329-0400: 2.103: [GC 2.103: [ParNew: 13820K->851K(14784K), 0.0035800 secs] 13820K->851K(63936K), 0.0037000 secs] [Times: user=0.01 sys=0.00, real=0.00 secs] 
2012-09-25T23:22:56.757-0400: 2.531: [Full GC (System) 2.532: [CMS: 0K->921K(49152K), 0.0559510 secs] 11191K->921K(63936K), [CMS Perm : 13201K->13195K(16384K)], 0.0560610 secs] [Times: user=0.05 sys=0.00, real=0.05 secs] 
2012-09-25T23:22:57.496-0400: 3.270: [GC 3.270: [ParNew: 13184K->713K(14784K), 0.0038690 secs] 14105K->1634K(63936K), 0.0039930 secs] [Times: user=0.01 sys=0.00, real=0.00 secs] 
2012-09-25T23:22:57.681-0400: 3.456: [GC 3.456: [ParNew: 13897K->525K(14784K), 0.0042480 secs] 14818K->1447K(63936K), 0.0043300 secs] [Times: user=0.02 sys=0.00, real=0.01 secs] 
2012-09-25T23:22:57.892-0400: 3.666: [GC 3.666: [ParNew: 13709K->596K(14784K), 0.0040030 secs] 14631K->1517K(63936K), 0.0041250 secs] [Times: user=0.01 sys=0.00, real=0.01 secs] 
2012-09-25T23:22:57.896-0400: 3.671: [GC [1 CMS-initial-mark: 921K(49152K)] 1518K(63936K), 0.0042710 secs] [Times: user=0.01 sys=0.00, real=0.00 secs] 
2012-09-25T23:22:57.901-0400: 3.675: [CMS-concurrent-mark-start]
2012-09-25T23:22:57.948-0400: 3.723: [CMS-concurrent-mark: 0.044/0.048 secs] [Times: user=0.07 sys=0.02, real=0.05 secs] 
2012-09-25T23:22:57.948-0400: 3.723: [CMS-concurrent-preclean-start]
2012-09-25T23:22:57.951-0400: 3.725: [CMS-concurrent-preclean: 0.002/0.002 secs] [Times: user=0.01 sys=0.00, real=0.00 secs] 
2012-09-25T23:22:57.951-0400: 3.725: [CMS-concurrent-abortable-preclean-start]
2012-09-25T23:22:58.119-0400: 3.893: [GC 3.893: [ParNew: 13780K->721K(14784K), 0.0024450 secs] 14701K->1642K(63936K), 0.0024980 secs] [Times: user=0.01 sys=0.00, real=0.00 secs] 
2012-09-25T23:22:58.287-0400: 4.061: [GC 4.062: [ParNew: 13905K->521K(14784K), 0.0040220 secs] 14826K->1769K(63936K), 0.0040960 secs] [Times: user=0.02 sys=0.00, real=0.01 secs] 
2012-09-25T23:22:58.291-0400: 4.066: [CMS-concurrent-abortable-preclean: 0.082/0.341 secs] [Times: user=0.45 sys=0.07, real=0.34 secs] 
2012-09-25T23:22:58.292-0400: 4.066: [GC[YG occupancy: 759 K (14784 K)]4.066: [Rescan (parallel) , 0.0048110 secs]4.071: [weak refs processing, 0.0000110 secs]4.071: [class unloading, 0.0016510 secs]4.073: [scrub symbol & string tables, 0.0021890 secs] [1 CMS-remark: 1248K(49152K)] 2008K(63936K), 0.0088720 secs] [Times: user=0.01 sys=0.00, real=0.01 secs] 
2012-09-25T23:22:58.302-0400: 4.076: [CMS-concurrent-sweep-start]
2012-09-25T23:22:58.324-0400: 4.099: [CMS-concurrent-sweep: 0.019/0.023 secs] [Times: user=0.07 sys=0.00, real=0.02 secs] 
2012-09-25T23:22:58.325-0400: 4.099: [CMS-concurrent-reset-start]
2012-09-25T23:22:58.326-0400: 4.100: [CMS-concurrent-reset: 0.001/0.001 secs] [Times: user=0.00 sys=0.00, real=0.00 secs] 
2012-09-25T23:22:58.604-0400: 4.379: [GC 4.379: [ParNew: 13705K->76K(14784K), 0.0045150 secs] 14925K->1297K(63936K), 0.0045890 secs] [Times: user=0.02 sys=0.00, real=0.01 secs] 
2012-09-25T23:22:58.780-0400: 4.554: [GC 4.554: [ParNew: 13260K->89K(14784K), 0.0039290 secs] 14481K->1320K(63936K), 0.0040400 secs] [Times: user=0.02 sys=0.00, real=0.00 secs] 
2012-09-25T23:22:58.940-0400: 4.714: [GC 4.714: [ParNew: 13255K->125K(14784K), 0.0034260 secs] 14486K->1356K(63936K), 0.0035060 secs] [Times: user=0.02 sys=0.00, real=0.00 secs] 
2012-09-25T23:22:59.173-0400: 4.948: [GC [1 CMS-initial-mark: 1231K(49152K)] 14513K(63936K), 0.0119180 secs] [Times: user=0.00 sys=0.00, real=0.01 secs] 
2012-09-25T23:22:59.186-0400: 4.960: [CMS-concurrent-mark-start]
2012-09-25T23:22:59.187-0400: 4.961: [GC 4.961: [ParNew: 13309K->89K(14784K), 0.0039070 secs] 14540K->1320K(63936K), 0.0039620 secs] [Times: user=0.02 sys=0.00, real=0.00 secs] 
2012-09-25T23:22:59.262-0400: 5.036: [CMS-concurrent-mark: 0.071/0.076 secs] [Times: user=0.12 sys=0.00, real=0.07 secs] 
2012-09-25T23:22:59.262-0400: 5.036: [CMS-concurrent-preclean-start]
2012-09-25T23:22:59.263-0400: 5.037: [CMS-concurrent-preclean: 0.000/0.000 secs] [Times: user=0.00 sys=0.00, real=0.00 secs] 
2012-09-25T23:22:59.263-0400: 5.037: [GC[YG occupancy: 951 K (14784 K)]5.037: [Rescan (parallel) , 0.0014800 secs]5.039: [weak refs processing, 0.0000070 secs]5.039: [class unloading, 0.0019950 secs]5.041: [scrub symbol & string tables, 0.0027530 secs] [1 CMS-remark: 1231K(49152K)] 2182K(63936K), 0.0064920 secs] [Times: user=0.01 sys=0.00, real=0.01 secs] 
2012-09-25T23:22:59.270-0400: 5.044: [CMS-concurrent-sweep-start]
2012-09-25T23:22:59.322-0400: 5.096: [CMS-concurrent-sweep: 0.049/0.052 secs] [Times: user=0.09 sys=0.00, real=0.05 secs] 
2012-09-25T23:22:59.322-0400: 5.096: [CMS-concurrent-reset-start]
2012-09-25T23:22:59.323-0400: 5.097: [CMS-concurrent-reset: 0.001/0.001 secs] [Times: user=0.00 sys=0.00, real=0.00 secs] 
2012-09-25T23:22:59.831-0400: 5.605: [GC 5.605: [ParNew: 13273K->554K(14784K), 0.0031760 secs] 14492K->1774K(63936K), 0.0032700 secs] [Times: user=0.01 sys=0.00, real=0.00 secs] 
2012-09-25T23:23:00.137-0400: 5.911: [GC 5.911: [ParNew: 13738K->1233K(14784K), 0.0046100 secs] 14958K->2453K(63936K), 0.0046870 secs] [Times: user=0.02 sys=0.00, real=0.01 secs] 
2012-09-25T23:23:00.512-0400: 6.286: [GC 6.286: [ParNew: 14417K->1547K(14784K), 0.0074840 secs] 15637K->3214K(63936K), 0.0075710 secs] [Times: user=0.03 sys=0.00, real=0.01 secs] 
2012-09-25T23:23:07.730-0400: 13.504: [GC 13.504: [ParNew: 14731K->1600K(14784K), 0.0131750 secs] 16398K->3939K(63936K), 0.0133050 secs] [Times: user=0.04 sys=0.00, real=0.01 secs] 
2012-09-25T23:25:24.184-0400: 149.958: [GC 149.958: [ParNew: 14784K->1600K(14784K), 0.0243840 secs] 17123K->7386K(63936K), 0.0245210 secs] [Times: user=0.03 sys=0.00, real=0.03 secs] 
2012-09-25T23:27:41.729-0400: 287.504: [GC 287.504: [ParNew: 14784K->1600K(14784K), 0.0212040 secs] 20570K->10792K(63936K), 0.0212920 secs] [Times: user=0.04 sys=0.00, real=0.02 secs] 
2012-09-25T23:29:57.730-0400: 423.504: [GC 423.504: [ParNew: 14784K->1600K(14784K), 0.0214170 secs] 23976K->13368K(63936K), 0.0215120 secs] [Times: user=0.03 sys=0.00, real=0.02 secs] 
2012-09-25T23:32:13.730-0400: 559.504: [GC 559.504: [ParNew: 14784K->1600K(14784K), 0.0260750 secs] 26552K->15874K(63936K), 0.0262620 secs] [Times: user=0.02 sys=0.01, real=0.03 secs] 
Heap
 par new generation   total 14784K, used 14689K [0xe94f0000, 0xea4f0000, 0xea4f0000)
  eden space 13184K,  99% used [0xe94f0000, 0xea1b8710, 0xea1d0000)
  from space 1600K, 100% used [0xea360000, 0xea4f0000, 0xea4f0000)
  to   space 1600K,   0% used [0xea1d0000, 0xea1d0000, 0xea360000)
 concurrent mark-sweep generation total 49152K, used 14274K [0xea4f0000, 0xed4f0000, 0xef4f0000)
 concurrent-mark-sweep perm gen total 65536K, used 52096K [0xef4f0000, 0xf34f0000, 0xf34f0000)
