2.907: [GC [PSYoungGen: 131072K->11503K(152896K)] 131072K->11503K(502464K), 0.0195520 secs] [Times: user=0.07 sys=0.00, real=0.02 secs] 
4.163: [GC [PSYoungGen: 142575K->20859K(152896K)] 142575K->20859K(502464K), 0.0334840 secs] [Times: user=0.12 sys=0.00, real=0.03 secs] 
4.749: [GC [PSYoungGen: 65628K->21818K(152896K)] 65628K->28833K(502464K), 0.0362960 secs] [Times: user=0.12 sys=0.01, real=0.03 secs] 
4.786: [Full GC (System) [PSYoungGen: 21818K->0K(152896K)] [PSOldGen: 7015K->28757K(349568K)] 28833K->28757K(502464K) [PSPermGen: 19087K->19087K(38400K)], 0.2078520 secs] [Times: user=0.20 sys=0.01, real=0.21 secs] 
6.069: [GC [PSYoungGen: 131072K->12366K(283968K)] 159829K->41124K(633536K), 0.0232430 secs] [Times: user=0.09 sys=0.00, real=0.03 secs] 
8.250: [GC [PSYoungGen: 274510K->21821K(283968K)] 303268K->62790K(633536K), 0.0461810 secs] [Times: user=0.13 sys=0.01, real=0.04 secs] 
9.439: [GC [PSYoungGen: 283965K->21821K(285824K)] 324934K->71834K(635392K), 0.0592210 secs] [Times: user=0.21 sys=0.00, real=0.06 secs] 
12.361: [GC [PSYoungGen: 285821K->42748K(306752K)] 335834K->119007K(656320K), 0.1059680 secs] [Times: user=0.26 sys=0.04, real=0.10 secs] 
14.229: [GC [PSYoungGen: 306748K->42746K(253376K)] 383007K->129530K(602944K), 0.0619710 secs] [Times: user=0.21 sys=0.01, real=0.06 secs] 
15.248: [GC [PSYoungGen: 253370K->49969K(260608K)] 340154K->149406K(610176K), 0.0682100 secs] [Times: user=0.21 sys=0.01, real=0.06 secs] 
15.966: [GC [PSYoungGen: 260593K->24636K(279232K)] 360030K->150705K(628800K), 0.0570720 secs] [Times: user=0.17 sys=0.02, real=0.06 secs] 
16.817: [GC [PSYoungGen: 231420K->16661K(223488K)] 357489K->148547K(573056K), 0.0240400 secs] [Times: user=0.06 sys=0.01, real=0.03 secs] 
17.800: [GC [PSYoungGen: 223445K->12623K(276800K)] 355331K->146512K(626368K), 0.0210410 secs] [Times: user=0.06 sys=0.00, real=0.02 secs] 
18.756: [GC [PSYoungGen: 219983K->11296K(276224K)] 353872K->147276K(625792K), 0.0259440 secs] [Times: user=0.06 sys=0.00, real=0.03 secs] 
19.918: [GC [PSYoungGen: 218656K->5834K(279552K)] 354636K->143532K(629120K), 0.0170110 secs] [Times: user=0.05 sys=0.00, real=0.02 secs] 
21.345: [GC [PSYoungGen: 217290K->19447K(230912K)] 354988K->159659K(580480K), 0.0323540 secs] [Times: user=0.08 sys=0.00, real=0.03 secs] 
27.386: [GC [PSYoungGen: 230903K->15610K(280512K)] 371115K->160826K(630080K), 0.0306080 secs] [Times: user=0.11 sys=0.00, real=0.03 secs] 
34.472: [GC [PSYoungGen: 231482K->20626K(278208K)] 376698K->179478K(627776K), 0.0566080 secs] [Times: user=0.20 sys=0.01, real=0.06 secs] 
35.413: [GC [PSYoungGen: 236498K->26616K(284032K)] 395350K->198237K(633600K), 0.0475650 secs] [Times: user=0.11 sys=0.02, real=0.05 secs] 
36.079: [GC [PSYoungGen: 251576K->27153K(281600K)] 423197K->202200K(631168K), 0.0310870 secs] [Times: user=0.07 sys=0.00, real=0.03 secs] 
36.796: [GC [PSYoungGen: 252113K->24855K(290048K)] 427160K->200799K(639616K), 0.0301010 secs] [Times: user=0.06 sys=0.00, real=0.03 secs] 
38.380: [GC [PSYoungGen: 261463K->11358K(288320K)] 437407K->189209K(637888K), 0.0254790 secs] [Times: user=0.08 sys=0.00, real=0.02 secs] 
40.917: [GC [PSYoungGen: 247966K->28077K(296512K)] 425817K->213955K(646080K), 0.0554290 secs] [Times: user=0.20 sys=0.00, real=0.06 secs] 
41.614: [GC [PSYoungGen: 273389K->13460K(295552K)] 459267K->224140K(645120K), 0.0562060 secs] [Times: user=0.19 sys=0.03, real=0.06 secs] 
42.487: [GC [PSYoungGen: 258772K->6297K(297216K)] 469452K->229947K(646784K), 0.0179560 secs] [Times: user=0.05 sys=0.01, real=0.02 secs] 
43.123: [GC [PSYoungGen: 254233K->2505K(297344K)] 477883K->231207K(646912K), 0.0188660 secs] [Times: user=0.06 sys=0.00, real=0.02 secs] 
44.008: [GC [PSYoungGen: 250441K->2919K(299840K)] 479143K->233857K(649408K), 0.0143810 secs] [Times: user=0.06 sys=0.00, real=0.02 secs] 
44.568: [GC [PSYoungGen: 253351K->2342K(252800K)] 484289K->235324K(602368K), 0.0130320 secs] [Times: user=0.04 sys=0.00, real=0.02 secs] 
45.040: [GC [PSYoungGen: 252774K->384K(300096K)] 485756K->234879K(649664K), 0.0168850 secs] [Times: user=0.05 sys=0.01, real=0.01 secs] 
45.478: [GC [PSYoungGen: 251712K->384K(299456K)] 486207K->235190K(649024K), 0.0133430 secs] [Times: user=0.05 sys=0.00, real=0.02 secs] 
45.950: [GC [PSYoungGen: 251712K->400K(300096K)] 486518K->235497K(649664K), 0.0087870 secs] [Times: user=0.03 sys=0.00, real=0.01 secs] 
46.330: [GC [PSYoungGen: 254288K->368K(299776K)] 489385K->235763K(649344K), 0.0097970 secs] [Times: user=0.03 sys=0.00, real=0.01 secs] 
46.713: [GC [PSYoungGen: 254256K->384K(301952K)] 489651K->236057K(651520K), 0.0141390 secs] [Times: user=0.05 sys=0.00, real=0.01 secs] 
48.825: [GC [PSYoungGen: 259456K->7161K(301824K)] 495129K->243130K(651392K), 0.0264350 secs] [Times: user=0.07 sys=0.01, real=0.03 secs] 
49.221: [GC [PSYoungGen: 266233K->400K(305216K)] 502202K->240295K(654784K), 0.0208840 secs] [Times: user=0.08 sys=0.00, real=0.02 secs] 
49.525: [GC [PSYoungGen: 265808K->368K(303744K)] 505703K->240566K(653312K), 0.0078900 secs] [Times: user=0.02 sys=0.00, real=0.01 secs] 
49.948: [GC [PSYoungGen: 265776K->560K(309440K)] 505974K->240970K(659008K), 0.0135020 secs] [Times: user=0.04 sys=0.00, real=0.01 secs] 
50.629: [GC [PSYoungGen: 273648K->1957K(308096K)] 514058K->242807K(657664K), 0.0127880 secs] [Times: user=0.03 sys=0.00, real=0.01 secs] 
54.062: [GC [PSYoungGen: 275045K->20243K(308800K)] 515895K->262175K(658368K), 0.0463100 secs] [Times: user=0.16 sys=0.00, real=0.05 secs] 
56.276: [GC [PSYoungGen: 295955K->4983K(311232K)] 537887K->257859K(660800K), 0.0359100 secs] [Times: user=0.13 sys=0.00, real=0.04 secs] 
57.760: [GC [PSYoungGen: 280695K->3994K(310016K)] 533571K->260267K(659584K), 0.0154750 secs] [Times: user=0.04 sys=0.00, real=0.01 secs] 
58.692: [GC [PSYoungGen: 284762K->4326K(312064K)] 541035K->261786K(661632K), 0.0146100 secs] [Times: user=0.04 sys=0.00, real=0.01 secs] 
60.350: [GC [PSYoungGen: 285094K->6542K(313728K)] 542554K->265568K(663296K), 0.0284000 secs] [Times: user=0.08 sys=0.00, real=0.03 secs] 
62.877: [GC [PSYoungGen: 295374K->15695K(316032K)] 554400K->280043K(665600K), 0.0312310 secs] [Times: user=0.09 sys=0.00, real=0.03 secs] 
63.867: [GC [PSYoungGen: 304527K->696K(321408K)] 568875K->280634K(670976K), 0.0258610 secs] [Times: user=0.07 sys=0.01, real=0.03 secs] 
68.244: [GC [PSYoungGen: 294264K->4536K(298112K)] 574202K->284942K(647680K), 0.0268850 secs] [Times: user=0.09 sys=0.00, real=0.03 secs] 
69.141: [GC [PSYoungGen: 298104K->3298K(321408K)] 578510K->287130K(670976K), 0.0191170 secs] [Times: user=0.06 sys=0.00, real=0.02 secs] 
72.266: [GC [PSYoungGen: 298786K->7075K(320064K)] 582618K->292195K(669632K), 0.0223530 secs] [Times: user=0.07 sys=0.00, real=0.03 secs] 
75.047: [GC [PSYoungGen: 302563K->7337K(323392K)] 587683K->297229K(672960K), 0.0304830 secs] [Times: user=0.08 sys=0.01, real=0.03 secs] 
78.625: [GC [PSYoungGen: 307689K->3802K(322048K)] 597581K->297583K(671616K), 0.0264600 secs] [Times: user=0.09 sys=0.00, real=0.03 secs] 
80.989: [GC [PSYoungGen: 304154K->2090K(326144K)] 597935K->298584K(675712K), 0.0194100 secs] [Times: user=0.06 sys=0.01, real=0.02 secs] 
85.258: [GC [PSYoungGen: 307562K->1406K(296256K)] 604056K->299147K(645824K), 0.0215090 secs] [Times: user=0.07 sys=0.01, real=0.03 secs] 
86.783: [GC [PSYoungGen: 296254K->1042K(292544K)] 593995K->299709K(642112K), 0.0132260 secs] [Times: user=0.04 sys=0.00, real=0.01 secs] 
92.740: [GC [PSYoungGen: 285714K->640K(275584K)] 584381K->299667K(625152K), 0.0124960 secs] [Times: user=0.03 sys=0.00, real=0.01 secs] 
98.691: [GC [PSYoungGen: 275584K->592K(269824K)] 574611K->299691K(619392K), 0.0138350 secs] [Times: user=0.04 sys=0.00, real=0.01 secs] 
104.477: [GC [PSYoungGen: 266256K->1665K(258560K)] 565355K->300776K(608128K), 0.0139920 secs] [Times: user=0.05 sys=0.00, real=0.02 secs] 
110.334: [GC [PSYoungGen: 258497K->576K(248960K)] 557608K->300164K(598528K), 0.0160150 secs] [Times: user=0.03 sys=0.01, real=0.02 secs] 
116.119: [GC [PSYoungGen: 248960K->704K(256064K)] 548548K->300296K(605632K), 0.0207650 secs] [Times: user=0.06 sys=0.01, real=0.02 secs] 
121.911: [GC [PSYoungGen: 240960K->592K(233152K)] 540552K->300300K(582720K), 0.0156380 secs] [Times: user=0.04 sys=0.00, real=0.01 secs] 
127.669: [GC [PSYoungGen: 233104K->592K(239424K)] 532812K->300312K(588992K), 0.0111960 secs] [Times: user=0.05 sys=0.00, real=0.01 secs] 
133.352: [GC [PSYoungGen: 225680K->592K(218624K)] 525400K->300316K(568192K), 0.0141630 secs] [Times: user=0.04 sys=0.00, real=0.01 secs] 
139.030: [GC [PSYoungGen: 218576K->520K(224128K)] 518300K->300505K(573696K), 0.0122320 secs] [Times: user=0.04 sys=0.00, real=0.01 secs] 
144.629: [GC [PSYoungGen: 211720K->768K(205504K)] 511705K->300858K(555072K), 0.0131140 secs] [Times: user=0.04 sys=0.00, real=0.02 secs] 
145.354: [GC [PSYoungGen: 205504K->336K(198912K)] 505594K->300854K(548480K), 0.0240810 secs] [Times: user=0.06 sys=0.00, real=0.02 secs] 
150.474: [GC [PSYoungGen: 198864K->543K(193152K)] 499382K->301366K(542720K), 0.0202090 secs] [Times: user=0.05 sys=0.00, real=0.02 secs] 
151.128: [GC [PSYoungGen: 193119K->749K(218560K)] 493942K->301936K(568128K), 0.0118580 secs] [Times: user=0.03 sys=0.00, real=0.02 secs] 
152.136: [GC [PSYoungGen: 209005K->1825K(241408K)] 510192K->303656K(590976K), 0.0135150 secs] [Times: user=0.04 sys=0.00, real=0.02 secs] 
152.604: [GC [PSYoungGen: 233633K->1199K(240704K)] 535464K->304610K(590272K), 0.0122530 secs] [Times: user=0.04 sys=0.00, real=0.01 secs] 
153.012: [GC [PSYoungGen: 233007K->654K(285568K)] 536418K->304872K(635136K), 0.0129730 secs] [Times: user=0.04 sys=0.00, real=0.01 secs] 
156.195: [GC [PSYoungGen: 278862K->1449K(286016K)] 583080K->305872K(635584K), 0.0245310 secs] [Times: user=0.08 sys=0.00, real=0.03 secs] 
162.137: [GC [PSYoungGen: 279657K->576K(340288K)] 584080K->306172K(689856K), 0.0179650 secs] [Times: user=0.06 sys=0.00, real=0.02 secs] 
168.313: [GC [PSYoungGen: 334464K->592K(340672K)] 640060K->306196K(690240K), 0.0113990 secs] [Times: user=0.04 sys=0.00, real=0.01 secs] 
174.433: [GC [PSYoungGen: 334480K->592K(322560K)] 640084K->306204K(672128K), 0.0114240 secs] [Times: user=0.05 sys=0.00, real=0.01 secs] 
185.413: [GC [PSYoungGen: 322512K->624K(311168K)] 628124K->306248K(660736K), 0.0115010 secs] [Times: user=0.05 sys=0.00, real=0.01 secs] 
191.485: [GC [PSYoungGen: 311152K->608K(300288K)] 616776K->306236K(649856K), 0.0114750 secs] [Times: user=0.04 sys=0.00, real=0.01 secs] 
197.490: [GC [PSYoungGen: 300256K->672K(289984K)] 605884K->306312K(639552K), 0.0117950 secs] [Times: user=0.04 sys=0.00, real=0.01 secs] 
203.423: [GC [PSYoungGen: 289952K->744K(280128K)] 595592K->306472K(629696K), 0.0157330 secs] [Times: user=0.03 sys=0.01, real=0.02 secs] 
209.354: [GC [PSYoungGen: 280104K->592K(270528K)] 585832K->306445K(620096K), 0.0255130 secs] [Times: user=0.06 sys=0.00, real=0.03 secs] 
215.276: [GC [PSYoungGen: 270480K->608K(261504K)] 576333K->306477K(611072K), 0.0122610 secs] [Times: user=0.05 sys=0.00, real=0.02 secs] 
221.140: [GC [PSYoungGen: 261472K->592K(252864K)] 567341K->306465K(602432K), 0.0213400 secs] [Times: user=0.06 sys=0.00, real=0.02 secs] 
226.985: [GC [PSYoungGen: 252816K->656K(244672K)] 558689K->306533K(594240K), 0.0182220 secs] [Times: user=0.06 sys=0.00, real=0.02 secs] 
232.783: [GC [PSYoungGen: 244624K->560K(236672K)] 550501K->306561K(586240K), 0.0113670 secs] [Times: user=0.05 sys=0.00, real=0.01 secs] 
238.557: [GC [PSYoungGen: 236656K->592K(229184K)] 542657K->306597K(578752K), 0.0130430 secs] [Times: user=0.03 sys=0.01, real=0.02 secs] 
244.307: [GC [PSYoungGen: 229136K->592K(221952K)] 535141K->306601K(571520K), 0.0114210 secs] [Times: user=0.03 sys=0.01, real=0.02 secs] 
250.035: [GC [PSYoungGen: 221904K->592K(215040K)] 527913K->306609K(564608K), 0.0111120 secs] [Times: user=0.03 sys=0.00, real=0.01 secs] 
255.748: [GC [PSYoungGen: 214992K->656K(208512K)] 521009K->306685K(558080K), 0.0109400 secs] [Times: user=0.04 sys=0.00, real=0.01 secs] 
261.415: [GC [PSYoungGen: 208464K->352K(201856K)] 514493K->306701K(551424K), 0.0182040 secs] [Times: user=0.06 sys=0.00, real=0.02 secs] 
264.896: [GC [PSYoungGen: 201824K->778K(196224K)] 508173K->307384K(545792K), 0.0230460 secs] [Times: user=0.09 sys=0.00, real=0.03 secs] 
267.520: [GC [PSYoungGen: 196170K->829K(190400K)] 502776K->307685K(539968K), 0.0124830 secs] [Times: user=0.04 sys=0.00, real=0.01 secs] 
273.106: [GC [PSYoungGen: 190397K->368K(184384K)] 497253K->307749K(533952K), 0.0116830 secs] [Times: user=0.04 sys=0.00, real=0.01 secs] 
278.681: [GC [PSYoungGen: 184368K->592K(179328K)] 491749K->307981K(528896K), 0.0116120 secs] [Times: user=0.05 sys=0.00, real=0.01 secs] 
279.340: [GC [PSYoungGen: 179280K->272K(173888K)] 486669K->307977K(523456K), 0.0187220 secs] [Times: user=0.04 sys=0.00, real=0.02 secs] 
284.908: [GC [PSYoungGen: 173840K->688K(305728K)] 481545K->308393K(655296K), 0.0117960 secs] [Times: user=0.05 sys=0.00, real=0.02 secs] 
290.946: [GC [PSYoungGen: 305712K->608K(295040K)] 613417K->308401K(644608K), 0.0113730 secs] [Times: user=0.04 sys=0.00, real=0.01 secs] 
296.902: [GC [PSYoungGen: 295008K->592K(284864K)] 602801K->308401K(634432K), 0.0114590 secs] [Times: user=0.05 sys=0.00, real=0.01 secs] 
307.767: [GC [PSYoungGen: 284816K->576K(275136K)] 592625K->308389K(624704K), 0.0110350 secs] [Times: user=0.04 sys=0.00, real=0.01 secs] 
313.675: [GC [PSYoungGen: 275136K->672K(265984K)] 582949K->308489K(615552K), 0.0119360 secs] [Times: user=0.04 sys=0.00, real=0.01 secs] 
319.566: [GC [PSYoungGen: 265952K->592K(257088K)] 573769K->308497K(606656K), 0.0116940 secs] [Times: user=0.04 sys=0.00, real=0.01 secs] 
325.378: [GC [PSYoungGen: 257040K->744K(248768K)] 564945K->308654K(598336K), 0.0168930 secs] [Times: user=0.05 sys=0.00, real=0.02 secs] 
331.200: [GC [PSYoungGen: 248744K->576K(240512K)] 556654K->308653K(590080K), 0.0120780 secs] [Times: user=0.04 sys=0.00, real=0.01 secs] 
337.015: [GC [PSYoungGen: 240512K->576K(232768K)] 548589K->308665K(582336K), 0.0114070 secs] [Times: user=0.04 sys=0.00, real=0.01 secs] 
342.810: [GC [PSYoungGen: 232768K->560K(225408K)] 540857K->308657K(574976K), 0.0124480 secs] [Times: user=0.04 sys=0.00, real=0.01 secs] 
345.325: [GC [PSYoungGen: 225392K->336K(218176K)] 533489K->308693K(567744K), 0.0223270 secs] [Times: user=0.09 sys=0.00, real=0.02 secs] 
349.242: [GC [PSYoungGen: 218128K->512K(211520K)] 526485K->308933K(561088K), 0.0177290 secs] [Times: user=0.04 sys=0.00, real=0.02 secs] 
354.935: [GC [PSYoungGen: 211520K->592K(205184K)] 519941K->309025K(554752K), 0.0112100 secs] [Times: user=0.04 sys=0.00, real=0.01 secs] 
360.630: [GC [PSYoungGen: 205136K->728K(199104K)] 513569K->309173K(548672K), 0.0122730 secs] [Times: user=0.04 sys=0.00, real=0.01 secs] 
366.292: [GC [PSYoungGen: 199064K->336K(192768K)] 507509K->309175K(542336K), 0.0114340 secs] [Times: user=0.04 sys=0.00, real=0.01 secs] 
371.935: [GC [PSYoungGen: 192720K->592K(187328K)] 501559K->309431K(536896K), 0.0112680 secs] [Times: user=0.05 sys=0.00, real=0.01 secs] 
372.615: [GC [PSYoungGen: 187280K->304K(181568K)] 496119K->309411K(531136K), 0.0107190 secs] [Times: user=0.04 sys=0.00, real=0.01 secs] 
378.242: [GC [PSYoungGen: 181552K->528K(176576K)] 490659K->309679K(526144K), 0.0114920 secs] [Times: user=0.04 sys=0.00, real=0.01 secs] 
383.862: [GC [PSYoungGen: 176528K->352K(295744K)] 485679K->309747K(645312K), 0.0109340 secs] [Times: user=0.04 sys=0.00, real=0.01 secs] 
389.887: [GC [PSYoungGen: 295712K->662K(285888K)] 605107K->310058K(635456K), 0.0115360 secs] [Times: user=0.04 sys=0.00, real=0.02 secs] 
395.869: [GC [PSYoungGen: 285846K->576K(276032K)] 595242K->310062K(625600K), 0.0114030 secs] [Times: user=0.04 sys=0.00, real=0.01 secs] 
401.792: [GC [PSYoungGen: 276032K->560K(266752K)] 585518K->310046K(616320K), 0.0111790 secs] [Times: user=0.04 sys=0.00, real=0.01 secs] 
412.694: [GC [PSYoungGen: 266736K->560K(257856K)] 576222K->310046K(607424K), 0.0115190 secs] [Times: user=0.05 sys=0.00, real=0.01 secs] 
418.585: [GC [PSYoungGen: 257840K->592K(249408K)] 567326K->310082K(598976K), 0.0113400 secs] [Times: user=0.04 sys=0.00, real=0.01 secs] 
424.447: [GC [PSYoungGen: 249360K->560K(241216K)] 558850K->310062K(590784K), 0.0124010 secs] [Times: user=0.04 sys=0.00, real=0.02 secs] 
430.280: [GC [PSYoungGen: 241200K->576K(233472K)] 550702K->310078K(583040K), 0.0115370 secs] [Times: user=0.05 sys=0.00, real=0.01 secs] 
436.082: [GC [PSYoungGen: 233472K->576K(226048K)] 542974K->310086K(575616K), 0.0113200 secs] [Times: user=0.04 sys=0.00, real=0.01 secs] 
441.847: [GC [PSYoungGen: 226048K->576K(218944K)] 535558K->310086K(568512K), 0.0110900 secs] [Times: user=0.04 sys=0.00, real=0.02 secs] 
444.436: [GC [PSYoungGen: 218944K->432K(212032K)] 528454K->310198K(561600K), 0.0134750 secs] [Times: user=0.05 sys=0.00, real=0.02 secs] 
448.132: [GC [PSYoungGen: 212016K->824K(205888K)] 521782K->310718K(555456K), 0.0125780 secs] [Times: user=0.04 sys=0.00, real=0.01 secs] 
453.838: [GC [PSYoungGen: 205880K->448K(199296K)] 515774K->310798K(548864K), 0.0139160 secs] [Times: user=0.04 sys=0.00, real=0.02 secs] 
459.508: [GC [PSYoungGen: 199296K->336K(193280K)] 509646K->310850K(542848K), 0.0111230 secs] [Times: user=0.04 sys=0.00, real=0.02 secs] 
465.151: [GC [PSYoungGen: 193232K->576K(187776K)] 503746K->311090K(537344K), 0.0139970 secs] [Times: user=0.05 sys=0.00, real=0.01 secs] 
465.843: [GC [PSYoungGen: 187776K->288K(182016K)] 498290K->311114K(531584K), 0.0113850 secs] [Times: user=0.04 sys=0.00, real=0.01 secs] 
471.465: [GC [PSYoungGen: 181984K->576K(177024K)] 492810K->311402K(526592K), 0.0133440 secs] [Times: user=0.04 sys=0.00, real=0.02 secs] 
477.076: [GC [PSYoungGen: 177024K->336K(290176K)] 487850K->311410K(639744K), 0.0113460 secs] [Times: user=0.04 sys=0.00, real=0.01 secs] 
483.061: [GC [PSYoungGen: 290128K->736K(280640K)] 601202K->311811K(630208K), 0.0119430 secs] [Times: user=0.04 sys=0.00, real=0.01 secs] 
489.031: [GC [PSYoungGen: 280608K->592K(271040K)] 591683K->311734K(620608K), 0.0201360 secs] [Times: user=0.07 sys=0.00, real=0.02 secs] 
494.971: [GC [PSYoungGen: 270992K->592K(261952K)] 582134K->311742K(611520K), 0.0112650 secs] [Times: user=0.04 sys=0.00, real=0.01 secs] 
500.834: [GC [PSYoungGen: 261904K->576K(253248K)] 573054K->311726K(602816K), 0.0113210 secs] [Times: user=0.05 sys=0.00, real=0.01 secs] 
511.666: [GC [PSYoungGen: 253248K->608K(245056K)] 564398K->311758K(594624K), 0.0187550 secs] [Times: user=0.05 sys=0.01, real=0.02 secs] 
517.509: [GC [PSYoungGen: 245024K->576K(237056K)] 556174K->311738K(586624K), 0.0114480 secs] [Times: user=0.04 sys=0.01, real=0.01 secs] 
523.342: [GC [PSYoungGen: 237056K->576K(229504K)] 548218K->311742K(579072K), 0.0111710 secs] [Times: user=0.04 sys=0.00, real=0.01 secs] 
524.135: [GC [PSYoungGen: 229504K->544K(222272K)] 540670K->311738K(571840K), 0.0151830 secs] [Times: user=0.03 sys=0.00, real=0.02 secs] 
529.934: [GC [PSYoungGen: 222240K->528K(215360K)] 533434K->311770K(564928K), 0.0113260 secs] [Times: user=0.05 sys=0.00, real=0.01 secs] 
535.666: [GC [PSYoungGen: 215312K->576K(208704K)] 526554K->311826K(558272K), 0.0113470 secs] [Times: user=0.04 sys=0.00, real=0.01 secs] 
541.387: [GC [PSYoungGen: 208704K->560K(202368K)] 519954K->311810K(551936K), 0.0109040 secs] [Times: user=0.04 sys=0.00, real=0.01 secs] 
547.075: [GC [PSYoungGen: 202352K->560K(196288K)] 513602K->311810K(545856K), 0.0146790 secs] [Times: user=0.04 sys=0.00, real=0.02 secs] 
552.737: [GC [PSYoungGen: 196272K->336K(190272K)] 507522K->311830K(539840K), 0.0212040 secs] [Times: user=0.05 sys=0.01, real=0.03 secs] 
558.380: [GC [PSYoungGen: 190224K->576K(184896K)] 501718K->312078K(534464K), 0.0107630 secs] [Times: user=0.04 sys=0.00, real=0.01 secs] 
559.070: [GC [PSYoungGen: 184896K->288K(179264K)] 496398K->312106K(528832K), 0.0115060 secs] [Times: user=0.04 sys=0.01, real=0.01 secs] 
564.671: [GC [PSYoungGen: 179232K->608K(174464K)] 491050K->312426K(524032K), 0.0152830 secs] [Times: user=0.05 sys=0.00, real=0.01 secs] 
570.272: [GC [PSYoungGen: 174432K->336K(284864K)] 486250K->312430K(634432K), 0.0135580 secs] [Times: user=0.05 sys=0.00, real=0.07 secs] 
576.306: [GC [PSYoungGen: 284816K->576K(275328K)] 596910K->312674K(624896K), 0.0113040 secs] [Times: user=0.05 sys=0.00, real=0.01 secs] 
582.272: [GC [PSYoungGen: 275328K->576K(266048K)] 587426K->312674K(615616K), 0.0117650 secs] [Times: user=0.04 sys=0.00, real=0.01 secs] 
588.337: [GC [PSYoungGen: 266048K->576K(257216K)] 578146K->312674K(606784K), 0.0122830 secs] [Times: user=0.04 sys=0.00, real=0.02 secs] 
594.225: [GC [PSYoungGen: 257216K->576K(248768K)] 569314K->312674K(598336K), 0.0201360 secs] [Times: user=0.07 sys=0.00, real=1.38 secs] 
601.428: [GC [PSYoungGen: 248768K->560K(240704K)] 560866K->312662K(590272K), 0.0118120 secs] [Times: user=0.05 sys=0.00, real=0.01 secs] 
607.254: [GC [PSYoungGen: 240688K->448K(232832K)] 552790K->312667K(582400K), 0.0110770 secs] [Times: user=0.05 sys=0.00, real=0.01 secs] 
613.049: [GC [PSYoungGen: 232832K->592K(225600K)] 545051K->312815K(575168K), 0.0120670 secs] [Times: user=0.05 sys=0.00, real=0.01 secs] 
618.818: [GC [PSYoungGen: 225552K->512K(218368K)] 537775K->312790K(567936K), 0.0111550 secs] [Times: user=0.04 sys=0.00, real=0.01 secs] 
624.525: [GC [PSYoungGen: 218368K->688K(211776K)] 530646K->312966K(561344K), 0.0128010 secs] [Times: user=0.05 sys=0.00, real=0.01 secs] 
630.054: [GC [PSYoungGen: 211760K->384K(204992K)] 524038K->313154K(554560K), 0.0198530 secs] [Times: user=0.06 sys=0.00, real=0.02 secs] 
635.753: [GC [PSYoungGen: 204992K->576K(198976K)] 517762K->313430K(548544K), 0.0117250 secs] [Times: user=0.05 sys=0.00, real=0.01 secs] 
636.438: [GC [PSYoungGen: 198976K->336K(192832K)] 511830K->313466K(542400K), 0.0120890 secs] [Times: user=0.05 sys=0.00, real=0.02 secs] 
642.150: [GC [PSYoungGen: 192784K->544K(187328K)] 505914K->313722K(536896K), 0.0113480 secs] [Times: user=0.05 sys=0.00, real=0.01 secs] 
647.799: [GC [PSYoungGen: 187296K->576K(181888K)] 500474K->313762K(531456K), 0.0131120 secs] [Times: user=0.04 sys=0.00, real=0.02 secs] 
653.424: [GC [PSYoungGen: 181888K->336K(176448K)] 495074K->313770K(526016K), 0.0114390 secs] [Times: user=0.04 sys=0.00, real=0.01 secs] 
659.006: [GC [PSYoungGen: 176400K->416K(280320K)] 489834K->314022K(629888K), 0.0114500 secs] [Times: user=0.05 sys=0.00, real=0.01 secs] 
664.993: [GC [PSYoungGen: 280288K->560K(270976K)] 593894K->314166K(620544K), 0.0112500 secs] [Times: user=0.04 sys=0.00, real=0.01 secs] 
670.949: [GC [PSYoungGen: 270960K->592K(261952K)] 584566K->314198K(611520K), 0.0119980 secs] [Times: user=0.04 sys=0.00, real=0.01 secs] 
676.878: [GC [PSYoungGen: 261904K->592K(253312K)] 575510K->314206K(602880K), 0.0110740 secs] [Times: user=0.04 sys=0.00, real=0.02 secs] 
682.779: [GC [PSYoungGen: 253264K->448K(244864K)] 566878K->314170K(594432K), 0.0107510 secs] [Times: user=0.04 sys=0.00, real=0.01 secs] 
688.617: [GC [PSYoungGen: 244864K->592K(237120K)] 558586K->314318K(586688K), 0.0112040 secs] [Times: user=0.04 sys=0.00, real=0.01 secs] 
694.443: [GC [PSYoungGen: 237072K->560K(229504K)] 550798K->314294K(579072K), 0.0222490 secs] [Times: user=0.04 sys=0.00, real=0.02 secs] 
700.325: [GC [PSYoungGen: 229488K->336K(222080K)] 543222K->314310K(571648K), 0.0141320 secs] [Times: user=0.02 sys=0.00, real=0.01 secs] 
706.104: [GC [PSYoungGen: 222032K->576K(215360K)] 536006K->314562K(564928K), 0.0110740 secs] [Times: user=0.04 sys=0.00, real=0.01 secs] 
711.855: [GC [PSYoungGen: 215360K->576K(208704K)] 529346K->314562K(558272K), 0.0151560 secs] [Times: user=0.04 sys=0.00, real=0.01 secs] 
717.590: [GC [PSYoungGen: 208704K->448K(202240K)] 522690K->314546K(551808K), 0.0117030 secs] [Times: user=0.04 sys=0.00, real=0.01 secs] 
718.319: [GC [PSYoungGen: 202240K->336K(196096K)] 516338K->314666K(545664K), 0.0121710 secs] [Times: user=0.05 sys=0.00, real=0.01 secs] 
724.082: [GC [PSYoungGen: 196048K->544K(190464K)] 510378K->314918K(540032K), 0.0170060 secs] [Times: user=0.04 sys=0.00, real=0.02 secs] 
729.773: [GC [PSYoungGen: 190432K->560K(184896K)] 504806K->314934K(534464K), 0.0181850 secs] [Times: user=0.06 sys=0.00, real=0.02 secs] 
735.400: [GC [PSYoungGen: 184880K->336K(179328K)] 499254K->314958K(528896K), 0.0154210 secs] [Times: user=0.04 sys=0.00, real=0.01 secs] 
741.001: [GC [PSYoungGen: 179280K->560K(174400K)] 493902K->315182K(523968K), 0.0150880 secs] [Times: user=0.03 sys=0.00, real=0.01 secs] 
741.730: [GC [PSYoungGen: 174384K->288K(208960K)] 489006K->315226K(558528K), 0.0296870 secs] [Times: user=0.04 sys=0.00, real=0.03 secs] 
747.464: [GC [PSYoungGen: 208928K->608K(251008K)] 523866K->315546K(600576K), 0.0118640 secs] [Times: user=0.03 sys=0.01, real=0.01 secs] 
753.321: [GC [PSYoungGen: 250976K->592K(242816K)] 565914K->315566K(592384K), 0.0112870 secs] [Times: user=0.04 sys=0.00, real=0.01 secs] 
759.165: [GC [PSYoungGen: 242768K->576K(234944K)] 557742K->315554K(584512K), 0.0114100 secs] [Times: user=0.05 sys=0.00, real=0.01 secs] 
764.976: [GC [PSYoungGen: 234944K->512K(227392K)] 549922K->315534K(576960K), 0.0116280 secs] [Times: user=0.04 sys=0.00, real=0.02 secs] 
770.771: [GC [PSYoungGen: 227392K->576K(220288K)] 542414K->315602K(569856K), 0.0112820 secs] [Times: user=0.04 sys=0.00, real=0.01 secs] 
776.530: [GC [PSYoungGen: 220288K->512K(213376K)] 535314K->315582K(562944K), 0.0111140 secs] [Times: user=0.04 sys=0.00, real=0.01 secs] 
782.265: [GC [PSYoungGen: 213376K->432K(206784K)] 528446K->315674K(556352K), 0.0114090 secs] [Times: user=0.03 sys=0.01, real=0.01 secs] 
787.957: [GC [PSYoungGen: 206768K->480K(200576K)] 522010K->315810K(550144K), 0.0164840 secs] [Times: user=0.04 sys=0.00, real=0.02 secs] 
793.645: [GC [PSYoungGen: 200544K->576K(194624K)] 515874K->315906K(544192K), 0.0114660 secs] [Times: user=0.04 sys=0.01, real=0.01 secs] 
794.351: [GC [PSYoungGen: 194624K->320K(188608K)] 509954K->315922K(538176K), 0.0222770 secs] [Times: user=0.06 sys=0.00, real=0.02 secs] 
800.044: [GC [PSYoungGen: 188608K->528K(183360K)] 504210K->316178K(532928K), 0.0138150 secs] [Times: user=0.04 sys=0.00, real=0.02 secs] 
805.689: [GC [PSYoungGen: 183312K->608K(178112K)] 498962K->316258K(527680K), 0.0122460 secs] [Times: user=0.05 sys=0.00, real=0.01 secs] 
811.265: [GC [PSYoungGen: 178080K->384K(273216K)] 493730K->316294K(622784K), 0.0120900 secs] [Times: user=0.04 sys=0.00, real=0.01 secs] 
817.219: [GC [PSYoungGen: 273216K->576K(264256K)] 589126K->316538K(613824K), 0.0123660 secs] [Times: user=0.04 sys=0.00, real=0.01 secs] 
823.109: [GC [PSYoungGen: 264256K->656K(255616K)] 580218K->316638K(605184K), 0.0133000 secs] [Times: user=0.05 sys=0.00, real=0.01 secs] 
828.859: [GC [PSYoungGen: 255568K->320K(246848K)] 571550K->316682K(596416K), 0.0132470 secs] [Times: user=0.05 sys=0.00, real=0.01 secs] 
834.563: [GC [PSYoungGen: 246848K->736K(239296K)] 563210K->317111K(588864K), 0.0186200 secs] [Times: user=0.07 sys=0.00, real=0.02 secs] 
840.389: [GC [PSYoungGen: 239264K->480K(231360K)] 555639K->316979K(580928K), 0.0106520 secs] [Times: user=0.04 sys=0.00, real=0.01 secs] 
846.193: [GC [PSYoungGen: 231328K->448K(223936K)] 547827K->317083K(573504K), 0.0113360 secs] [Times: user=0.04 sys=0.00, real=0.01 secs] 
846.991: [GC [PSYoungGen: 223936K->560K(217024K)] 540571K->317223K(566592K), 0.0113030 secs] [Times: user=0.04 sys=0.00, real=0.01 secs] 
852.785: [GC [PSYoungGen: 217008K->544K(210304K)] 533671K->317251K(559872K), 0.0114610 secs] [Times: user=0.04 sys=0.00, real=0.01 secs] 
858.515: [GC [PSYoungGen: 210272K->576K(203904K)] 526979K->317291K(553472K), 0.0112160 secs] [Times: user=0.05 sys=0.00, real=0.01 secs] 
864.227: [GC [PSYoungGen: 203904K->576K(197760K)] 520619K->317291K(547328K), 0.0120170 secs] [Times: user=0.05 sys=0.00, real=0.02 secs] 
869.757: [GC [PSYoungGen: 197760K->496K(191808K)] 514475K->317459K(541376K), 0.0134100 secs] [Times: user=0.05 sys=0.00, real=0.02 secs] 
870.896: [GC [PSYoungGen: 191792K->352K(186048K)] 508755K->317579K(535616K), 0.0221380 secs] [Times: user=0.08 sys=0.00, real=0.03 secs] 
875.959: [GC [PSYoungGen: 186016K->640K(180864K)] 503243K->317931K(530432K), 0.0142400 secs] [Times: user=0.04 sys=0.00, real=0.01 secs] 
881.437: [GC [PSYoungGen: 180864K->480K(175552K)] 498155K->318023K(525120K), 0.0118260 secs] [Times: user=0.05 sys=0.00, real=0.02 secs] 
882.052: [GC [PSYoungGen: 175520K->336K(268480K)] 493063K->318151K(618048K), 0.0116960 secs] [Times: user=0.04 sys=0.00, real=0.01 secs] 
892.937: [GC [PSYoungGen: 268432K->608K(259776K)] 586247K->318427K(609344K), 0.0115800 secs] [Times: user=0.04 sys=0.00, real=0.02 secs] 
898.841: [GC [PSYoungGen: 259744K->576K(251136K)] 577563K->318411K(600704K), 0.0113390 secs] [Times: user=0.05 sys=0.00, real=0.01 secs] 
904.712: [GC [PSYoungGen: 251136K->560K(242944K)] 568971K->318395K(592512K), 0.0113690 secs] [Times: user=0.04 sys=0.00, real=0.01 secs] 
910.573: [GC [PSYoungGen: 242928K->576K(235136K)] 560763K->318415K(584704K), 0.0111290 secs] [Times: user=0.04 sys=0.00, real=0.01 secs] 
916.382: [GC [PSYoungGen: 235136K->560K(227648K)] 552975K->318407K(577216K), 0.0181160 secs] [Times: user=0.06 sys=0.00, real=0.02 secs] 
922.169: [GC [PSYoungGen: 227632K->432K(220352K)] 545479K->318431K(569920K), 0.0112530 secs] [Times: user=0.03 sys=0.01, real=0.02 secs] 
924.378: [GC [PSYoungGen: 220336K->336K(213440K)] 538335K->318539K(563008K), 0.0228360 secs] [Times: user=0.06 sys=0.00, real=0.02 secs] 
928.611: [GC [PSYoungGen: 213392K->688K(207168K)] 531595K->318963K(556736K), 0.0120840 secs] [Times: user=0.04 sys=0.00, real=0.01 secs] 
934.190: [GC [PSYoungGen: 207152K->720K(200960K)] 525427K->319095K(550528K), 0.0135290 secs] [Times: user=0.04 sys=0.00, real=0.01 secs] 
939.737: [GC [PSYoungGen: 200912K->256K(194432K)] 519287K->319075K(544000K), 0.0130560 secs] [Times: user=0.05 sys=0.00, real=0.02 secs] 
940.448: [GC [PSYoungGen: 194432K->336K(188800K)] 513251K->319375K(538368K), 0.0121410 secs] [Times: user=0.03 sys=0.01, real=0.02 secs] 
946.061: [GC [PSYoungGen: 188752K->592K(183552K)] 507791K->319679K(533120K), 0.0120870 secs] [Times: user=0.05 sys=0.00, real=0.01 secs] 
951.692: [GC [PSYoungGen: 183504K->352K(177984K)] 502591K->319691K(527552K), 0.0114860 secs] [Times: user=0.05 sys=0.00, real=0.01 secs] 
957.290: [GC [PSYoungGen: 177952K->560K(264704K)] 497291K->319903K(614272K), 0.0114290 secs] [Times: user=0.05 sys=0.00, real=0.01 secs] 
963.224: [GC [PSYoungGen: 264688K->560K(255936K)] 584031K->319903K(605504K), 0.0113820 secs] [Times: user=0.05 sys=0.00, real=0.01 secs] 
969.125: [GC [PSYoungGen: 255920K->576K(247552K)] 575263K->319919K(597120K), 0.0114380 secs] [Times: user=0.04 sys=0.00, real=0.01 secs] 
974.991: [GC [PSYoungGen: 247552K->576K(239488K)] 566895K->319927K(589056K), 0.0114880 secs] [Times: user=0.05 sys=0.00, real=0.01 secs] 
980.817: [GC [PSYoungGen: 239488K->560K(231808K)] 558839K->319911K(581376K), 0.0112460 secs] [Times: user=0.05 sys=0.00, real=0.02 secs] 
986.562: [GC [PSYoungGen: 231792K->624K(224512K)] 551143K->319975K(574080K), 0.0119730 secs] [Times: user=0.04 sys=0.01, real=0.01 secs] 
992.209: [GC [PSYoungGen: 224496K->464K(217344K)] 543847K->320079K(566912K), 0.0128260 secs] [Times: user=0.04 sys=0.00, real=0.01 secs] 
992.999: [GC [PSYoungGen: 217296K->560K(210688K)] 536911K->320239K(560256K), 0.0119430 secs] [Times: user=0.05 sys=0.00, real=0.01 secs] 
998.614: [GC [PSYoungGen: 210672K->640K(204288K)] 530351K->320383K(553856K), 0.0127870 secs] [Times: user=0.03 sys=0.00, real=0.01 secs] 
1004.207: [GC [PSYoungGen: 204288K->448K(197952K)] 524031K->320439K(547520K), 0.0124780 secs] [Times: user=0.04 sys=0.00, real=0.02 secs] 
1009.869: [GC [PSYoungGen: 197952K->592K(192256K)] 517943K->320599K(541824K), 0.0114900 secs] [Times: user=0.05 sys=0.00, real=0.02 secs] 
1010.546: [GC [PSYoungGen: 192208K->304K(186304K)] 512215K->320595K(535872K), 0.0113910 secs] [Times: user=0.04 sys=0.00, real=0.01 secs] 
1016.221: [GC [PSYoungGen: 186288K->528K(181120K)] 506579K->320867K(530688K), 0.0138590 secs] [Times: user=0.06 sys=0.00, real=0.04 secs] 
1021.878: [GC [PSYoungGen: 181072K->592K(176000K)] 501411K->320931K(525568K), 0.0119690 secs] [Times: user=0.04 sys=0.01, real=0.01 secs] 
1027.464: [GC [PSYoungGen: 175952K->352K(260544K)] 496291K->320935K(610112K), 0.0113100 secs] [Times: user=0.04 sys=0.00, real=0.01 secs] 
1033.383: [GC [PSYoungGen: 260512K->560K(252096K)] 581095K->321143K(601664K), 0.0108130 secs] [Times: user=0.04 sys=0.00, real=0.01 secs] 
1039.264: [GC [PSYoungGen: 252080K->576K(243840K)] 572663K->321167K(593408K), 0.0121220 secs] [Times: user=0.05 sys=0.00, real=0.01 secs] 
1045.102: [GC [PSYoungGen: 243840K->624K(236032K)] 564431K->321215K(585600K), 0.0119100 secs] [Times: user=0.05 sys=0.00, real=0.01 secs] 
1050.771: [GC [PSYoungGen: 236016K->384K(228224K)] 556607K->321291K(577792K), 0.0116280 secs] [Times: user=0.04 sys=0.00, real=0.01 secs] 
1055.833: [GC [PSYoungGen: 228224K->512K(221184K)] 549131K->321635K(570752K), 0.0213310 secs] [Times: user=0.08 sys=0.00, real=0.02 secs] 
1057.213: [GC [PSYoungGen: 221184K->560K(214336K)] 542307K->321747K(563904K), 0.0143830 secs] [Times: user=0.04 sys=0.00, real=0.01 secs] 
1062.823: [GC [PSYoungGen: 214320K->736K(207936K)] 535507K->321927K(557504K), 0.0131180 secs] [Times: user=0.04 sys=0.00, real=0.01 secs] 
1068.530: [GC [PSYoungGen: 207904K->384K(201216K)] 529095K->321767K(550784K), 0.0120530 secs] [Times: user=0.05 sys=0.00, real=0.01 secs] 
1074.207: [GC [PSYoungGen: 201216K->480K(195328K)] 522599K->321979K(544896K), 0.0115800 secs] [Times: user=0.04 sys=0.00, real=0.02 secs] 
1079.873: [GC [PSYoungGen: 195296K->576K(189632K)] 516795K->322079K(539200K), 0.0115180 secs] [Times: user=0.04 sys=0.00, real=0.01 secs] 
1080.585: [GC [PSYoungGen: 189632K->272K(183808K)] 511135K->322091K(533376K), 0.0114780 secs] [Times: user=0.04 sys=0.00, real=0.01 secs] 
1086.228: [GC [PSYoungGen: 183760K->560K(178752K)] 505579K->322379K(528320K), 0.0112390 secs] [Times: user=0.04 sys=0.00, real=0.01 secs] 
1091.838: [GC [PSYoungGen: 178736K->352K(257088K)] 500555K->322419K(606656K), 0.0113610 secs] [Times: user=0.04 sys=0.00, real=0.01 secs] 
1097.748: [GC [PSYoungGen: 257056K->576K(248832K)] 579123K->322651K(598400K), 0.0122230 secs] [Times: user=0.04 sys=0.00, real=0.02 secs] 
1103.618: [GC [PSYoungGen: 248832K->576K(240768K)] 570907K->322651K(590336K), 0.0214910 secs] [Times: user=0.06 sys=0.00, real=0.03 secs] 
1109.326: [GC [PSYoungGen: 240768K->576K(233024K)] 562843K->322907K(582592K), 0.0128250 secs] [Times: user=0.05 sys=0.00, real=0.02 secs] 
1115.002: [GC [PSYoungGen: 233024K->704K(225728K)] 555355K->323055K(575296K), 0.0129750 secs] [Times: user=0.04 sys=0.01, real=0.01 secs] 
1119.008: [GC [PSYoungGen: 225728K->544K(218496K)] 548079K->323151K(568064K), 0.0231760 secs] [Times: user=0.08 sys=0.00, real=0.03 secs] 
1121.440: [GC [PSYoungGen: 218464K->592K(211776K)] 541071K->323263K(561344K), 0.0126590 secs] [Times: user=0.04 sys=0.00, real=0.01 secs] 
1127.147: [GC [PSYoungGen: 211728K->592K(205312K)] 534399K->323271K(554880K), 0.0219000 secs] [Times: user=0.07 sys=0.00, real=0.03 secs] 
1132.874: [GC [PSYoungGen: 205264K->576K(199040K)] 527943K->323271K(548608K), 0.0118180 secs] [Times: user=0.04 sys=0.00, real=0.01 secs] 
1138.549: [GC [PSYoungGen: 199040K->336K(192896K)] 521735K->323279K(542464K), 0.0112990 secs] [Times: user=0.04 sys=0.00, real=0.01 secs] 
1144.197: [GC [PSYoungGen: 192848K->560K(187392K)] 515791K->323503K(536960K), 0.0124540 secs] [Times: user=0.04 sys=0.00, real=0.02 secs] 
1144.871: [GC [PSYoungGen: 187376K->320K(181696K)] 510319K->323539K(531264K), 0.0113600 secs] [Times: user=0.05 sys=0.00, real=0.01 secs] 
1150.500: [GC [PSYoungGen: 181696K->528K(176704K)] 504915K->323791K(526272K), 0.0112170 secs] [Times: user=0.04 sys=0.00, real=0.01 secs] 
1156.099: [GC [PSYoungGen: 176656K->352K(252672K)] 499919K->323867K(602240K), 0.0122500 secs] [Times: user=0.04 sys=0.00, real=0.01 secs] 
1161.978: [GC [PSYoungGen: 252640K->576K(244608K)] 576155K->324091K(594176K), 0.0115330 secs] [Times: user=0.05 sys=0.00, real=0.02 secs] 
1167.745: [GC [PSYoungGen: 244608K->464K(236608K)] 568123K->324215K(586176K), 0.0123980 secs] [Times: user=0.04 sys=0.00, real=0.01 secs] 
1173.418: [GC [PSYoungGen: 236560K->704K(229248K)] 560311K->324467K(578816K), 0.0111910 secs] [Times: user=0.04 sys=0.00, real=0.02 secs] 
1179.070: [GC [PSYoungGen: 229248K->384K(221696K)] 553011K->324483K(571264K), 0.0127000 secs] [Times: user=0.04 sys=0.00, real=0.01 secs] 
1179.879: [GC [PSYoungGen: 221696K->592K(215040K)] 545795K->324719K(564608K), 0.0118090 secs] [Times: user=0.04 sys=0.00, real=0.01 secs] 
1185.564: [GC [PSYoungGen: 214992K->592K(208448K)] 539119K->324759K(558016K), 0.0121980 secs] [Times: user=0.03 sys=0.01, real=0.01 secs] 
1191.298: [GC [PSYoungGen: 208400K->576K(202048K)] 532567K->324759K(551616K), 0.0115350 secs] [Times: user=0.04 sys=0.00, real=0.02 secs] 
1196.984: [GC [PSYoungGen: 202048K->352K(195776K)] 526231K->324771K(545344K), 0.0115020 secs] [Times: user=0.05 sys=0.00, real=0.01 secs] 
1202.631: [GC [PSYoungGen: 195744K->560K(190144K)] 520163K->324999K(539712K), 0.0113690 secs] [Times: user=0.04 sys=0.00, real=0.01 secs] 
1208.261: [GC [PSYoungGen: 190128K->320K(184320K)] 514567K->325011K(533888K), 0.0114540 secs] [Times: user=0.05 sys=0.00, real=0.01 secs] 
1208.950: [GC [PSYoungGen: 184320K->512K(179200K)] 509011K->325271K(528768K), 0.0113240 secs] [Times: user=0.04 sys=0.00, real=0.01 secs] 
1214.557: [GC [PSYoungGen: 179200K->544K(174144K)] 503959K->325303K(523712K), 0.0220140 secs] [Times: user=0.06 sys=0.00, real=0.03 secs] 
1220.143: [GC [PSYoungGen: 174112K->352K(249280K)] 498871K->325359K(598848K), 0.0113620 secs] [Times: user=0.04 sys=0.00, real=0.01 secs] 
1225.952: [GC [PSYoungGen: 249248K->632K(241408K)] 574255K->325663K(590976K), 0.0116850 secs] [Times: user=0.04 sys=0.00, real=0.01 secs] 
1231.633: [GC [PSYoungGen: 241400K->736K(233792K)] 566431K->325823K(583360K), 0.0133530 secs] [Times: user=0.04 sys=0.00, real=0.01 secs] 
1234.183: [GC [PSYoungGen: 233760K->320K(225920K)] 558847K->325779K(575488K), 0.0196830 secs] [Times: user=0.07 sys=0.00, real=0.02 secs] 
1237.669: [GC [PSYoungGen: 225920K->889K(219392K)] 551379K->326617K(568960K), 0.0130190 secs] [Times: user=0.04 sys=0.00, real=0.01 secs] 
1242.418: [GC [PSYoungGen: 219385K->638K(212352K)] 545113K->327120K(561920K), 0.0134410 secs] [Times: user=0.04 sys=0.00, real=0.01 secs] 
1243.938: [GC [PSYoungGen: 212350K->560K(205760K)] 538832K->327367K(555328K), 0.0121300 secs] [Times: user=0.02 sys=0.02, real=0.01 secs] 
1249.646: [GC [PSYoungGen: 205744K->576K(199552K)] 532551K->327403K(549120K), 0.0114490 secs] [Times: user=0.04 sys=0.00, real=0.01 secs] 
1255.190: [GC [PSYoungGen: 199552K->518K(193600K)] 526379K->327593K(543168K), 0.0122880 secs] [Times: user=0.03 sys=0.01, real=0.01 secs] 
1260.832: [GC [PSYoungGen: 193542K->576K(187904K)] 520617K->327809K(537472K), 0.0116530 secs] [Times: user=0.04 sys=0.00, real=0.01 secs] 
1261.521: [GC [PSYoungGen: 187904K->304K(182144K)] 515137K->327809K(531712K), 0.0143860 secs] [Times: user=0.05 sys=0.00, real=0.01 secs] 
1267.034: [GC [PSYoungGen: 182128K->671K(177280K)] 509633K->328216K(526848K), 0.0173410 secs] [Times: user=0.06 sys=0.00, real=0.02 secs] 
1272.487: [GC [PSYoungGen: 177247K->543K(243904K)] 504792K->328431K(593472K), 0.0146780 secs] [Times: user=0.06 sys=0.00, real=0.02 secs] 
1278.342: [GC [PSYoungGen: 243871K->560K(236032K)] 571759K->328647K(585600K), 0.0114520 secs] [Times: user=0.04 sys=0.01, real=0.01 secs] 
1284.146: [GC [PSYoungGen: 236016K->560K(228480K)] 564103K->328647K(578048K), 0.0114000 secs] [Times: user=0.05 sys=0.00, real=0.01 secs] 
1286.088: [GC [PSYoungGen: 228464K->400K(221120K)] 556551K->328739K(570688K), 0.0228740 secs] [Times: user=0.08 sys=0.00, real=0.03 secs] 
1290.599: [GC [PSYoungGen: 221072K->624K(214400K)] 549411K->329035K(563968K), 0.0112180 secs] [Times: user=0.04 sys=0.00, real=0.01 secs] 
1296.222: [GC [PSYoungGen: 214384K->720K(207936K)] 542795K->329139K(557504K), 0.0230340 secs] [Times: user=0.08 sys=0.00, real=0.02 secs] 
1301.782: [GC [PSYoungGen: 207888K->560K(201408K)] 536307K->329227K(550976K), 0.0132990 secs] [Times: user=0.04 sys=0.00, real=0.01 secs] 
1307.466: [GC [PSYoungGen: 201392K->352K(195200K)] 530059K->329275K(544768K), 0.0115830 secs] [Times: user=0.04 sys=0.00, real=0.02 secs] 
1308.189: [GC [PSYoungGen: 195168K->512K(189568K)] 524091K->329507K(539136K), 0.0114420 secs] [Times: user=0.04 sys=0.00, real=0.01 secs] 
1313.812: [GC [PSYoungGen: 189568K->720K(184256K)] 518563K->329715K(533824K), 0.0188420 secs] [Times: user=0.08 sys=0.00, real=0.02 secs] 
1319.343: [GC [PSYoungGen: 184208K->495K(178688K)] 513203K->329838K(528256K), 0.0168110 secs] [Times: user=0.05 sys=0.00, real=0.02 secs] 
1319.962: [GC [PSYoungGen: 178671K->320K(173376K)] 508014K->330054K(522944K), 0.0119770 secs] [Times: user=0.05 sys=0.00, real=0.01 secs] 
1325.595: [GC [PSYoungGen: 173376K->528K(238720K)] 503110K->330310K(588288K), 0.0113080 secs] [Times: user=0.04 sys=0.00, real=0.01 secs] 
1331.427: [GC [PSYoungGen: 238672K->560K(231040K)] 568454K->330342K(580608K), 0.0108570 secs] [Times: user=0.04 sys=0.00, real=0.01 secs] 
1337.228: [GC [PSYoungGen: 231024K->576K(223744K)] 560806K->330370K(573312K), 0.0113990 secs] [Times: user=0.05 sys=0.00, real=0.02 secs] 
1342.995: [GC [PSYoungGen: 223744K->560K(216768K)] 553538K->330358K(566336K), 0.0113660 secs] [Times: user=0.05 sys=0.00, real=0.01 secs] 
1348.603: [GC [PSYoungGen: 216752K->512K(209984K)] 546550K->330558K(559552K), 0.0130280 secs] [Times: user=0.04 sys=0.00, real=0.01 secs] 
1354.163: [GC [PSYoungGen: 209984K->512K(203584K)] 540030K->330814K(553152K), 0.0195190 secs] [Times: user=0.06 sys=0.00, real=0.02 secs] 
1354.925: [GC [PSYoungGen: 203584K->512K(197440K)] 533886K->330910K(547008K), 0.0112890 secs] [Times: user=0.04 sys=0.01, real=0.01 secs] 
1360.468: [GC [PSYoungGen: 197440K->704K(191744K)] 527838K->331122K(541312K), 0.0129200 secs]